Release 14.7 - xst P.20131013 (nt)
Copyright (c) 1995-2013 Xilinx, Inc.  All rights reserved.
--> Parameter TMPDIR set to xst/projnav.tmp


Total REAL time to Xst completion: 0.00 secs
Total CPU time to Xst completion: 0.12 secs
 
--> Parameter xsthdpdir set to xst


Total REAL time to Xst completion: 0.00 secs
Total CPU time to Xst completion: 0.12 secs
 
--> Reading design: fullTop.prj

TABLE OF CONTENTS
  1) Synthesis Options Summary
  2) HDL Parsing
  3) HDL Elaboration
  4) HDL Synthesis
       4.1) HDL Synthesis Report
  5) Advanced HDL Synthesis
       5.1) Advanced HDL Synthesis Report
  6) Low Level Synthesis
  7) Partition Report
  8) Design Summary
       8.1) Primitive and Black Box Usage
       8.2) Device utilization summary
       8.3) Partition Resource Summary
       8.4) Timing Report
            8.4.1) Clock Information
            8.4.2) Asynchronous Control Signals Information
            8.4.3) Timing Summary
            8.4.4) Timing Details
            8.4.5) Cross Clock Domains Report


=========================================================================
*                      Synthesis Options Summary                        *
=========================================================================
---- Source Parameters
Input File Name                    : "fullTop.prj"
Ignore Synthesis Constraint File   : NO

---- Target Parameters
Output File Name                   : "fullTop"
Output Format                      : NGC
Target Device                      : xc7a100t-3-csg324

---- Source Options
Top Module Name                    : fullTop
Automatic FSM Extraction           : YES
FSM Encoding Algorithm             : Auto
Safe Implementation                : No
FSM Style                          : LUT
RAM Extraction                     : Yes
RAM Style                          : Auto
ROM Extraction                     : Yes
Shift Register Extraction          : YES
ROM Style                          : Auto
Resource Sharing                   : YES
Asynchronous To Synchronous        : NO
Shift Register Minimum Size        : 2
Use DSP Block                      : Auto
Automatic Register Balancing       : No

---- Target Options
LUT Combining                      : Auto
Reduce Control Sets                : Auto
Add IO Buffers                     : YES
Global Maximum Fanout              : 100000
Add Generic Clock Buffer(BUFG)     : 32
Register Duplication               : YES
Optimize Instantiated Primitives   : NO
Use Clock Enable                   : Auto
Use Synchronous Set                : Auto
Use Synchronous Reset              : Auto
Pack IO Registers into IOBs        : Auto
Equivalent register Removal        : YES

---- General Options
Optimization Goal                  : Speed
Optimization Effort                : 1
Power Reduction                    : NO
Keep Hierarchy                     : No
Netlist Hierarchy                  : As_Optimized
RTL Output                         : Yes
Global Optimization                : AllClockNets
Read Cores                         : YES
Write Timing Constraints           : NO
Cross Clock Analysis               : NO
Hierarchy Separator                : /
Bus Delimiter                      : <>
Case Specifier                     : Maintain
Slice Utilization Ratio            : 100
BRAM Utilization Ratio             : 100
DSP48 Utilization Ratio            : 100
Auto BRAM Packing                  : NO
Slice Utilization Ratio Delta      : 5

=========================================================================


=========================================================================
*                          HDL Parsing                                  *
=========================================================================
Analyzing Verilog file "\\ugradfs\brendanlucas\win\ELEC3500\TugOfWarGame\synchronizer.v" into library work
Parsing module <synchronizer>.
Analyzing Verilog file "\\ugradfs\brendanlucas\win\ELEC3500\TugOfWarGame\PBL.v" into library work
Parsing module <PBL>.
Analyzing Verilog file "\\ugradfs\brendanlucas\win\ELEC3500\TugOfWarGame\OPP.v" into library work
Parsing module <OPP>.
Analyzing Verilog file "\\ugradfs\brendanlucas\win\ELEC3500\TugOfWarGame\MC.v" into library work
Parsing module <MC>.
Analyzing Verilog file "\\ugradfs\brendanlucas\win\ELEC3500\TugOfWarGame\LFSR.v" into library work
Parsing module <LFSR>.
Analyzing Verilog file "\\ugradfs\brendanlucas\win\ELEC3500\TugOfWarGame\Div256.v" into library work
Parsing module <Div256>.
Analyzing Verilog file "\\ugradfs\brendanlucas\win\ELEC3500\TugOfWarGame\top_lab7.v" into library work
Parsing module <topClrLed>.
Analyzing Verilog file "\\ugradfs\brendanlucas\win\ELEC3500\TugOfWarGame\topClr&leds.v" into library work
Parsing module <topPblPbr>.
Analyzing Verilog file "\\ugradfs\brendanlucas\win\ELEC3500\TugOfWarGame\scorer_template.v" into library work
Parsing module <scorer>.
ERROR:HDLCompiler:1660 - "\\ugradfs\brendanlucas\win\ELEC3500\TugOfWarGame\scorer_template.v" Line 86: Procedural assignment to a non-register score is not permitted, left-hand side should be reg/integer/time/genvar
ERROR:HDLCompiler:1660 - "\\ugradfs\brendanlucas\win\ELEC3500\TugOfWarGame\scorer_template.v" Line 86: Procedural assignment to a non-register score is not permitted, left-hand side should be reg/integer/time/genvar
ERROR:HDLCompiler:1660 - "\\ugradfs\brendanlucas\win\ELEC3500\TugOfWarGame\scorer_template.v" Line 87: Procedural assignment to a non-register score is not permitted, left-hand side should be reg/integer/time/genvar
ERROR:HDLCompiler:1660 - "\\ugradfs\brendanlucas\win\ELEC3500\TugOfWarGame\scorer_template.v" Line 87: Procedural assignment to a non-register score is not permitted, left-hand side should be reg/integer/time/genvar
ERROR:HDLCompiler:1660 - "\\ugradfs\brendanlucas\win\ELEC3500\TugOfWarGame\scorer_template.v" Line 88: Procedural assignment to a non-register score is not permitted, left-hand side should be reg/integer/time/genvar
ERROR:HDLCompiler:1660 - "\\ugradfs\brendanlucas\win\ELEC3500\TugOfWarGame\scorer_template.v" Line 88: Procedural assignment to a non-register score is not permitted, left-hand side should be reg/integer/time/genvar
ERROR:HDLCompiler:1660 - "\\ugradfs\brendanlucas\win\ELEC3500\TugOfWarGame\scorer_template.v" Line 89: Procedural assignment to a non-register score is not permitted, left-hand side should be reg/integer/time/genvar
ERROR:HDLCompiler:1660 - "\\ugradfs\brendanlucas\win\ELEC3500\TugOfWarGame\scorer_template.v" Line 89: Procedural assignment to a non-register score is not permitted, left-hand side should be reg/integer/time/genvar
ERROR:HDLCompiler:1660 - "\\ugradfs\brendanlucas\win\ELEC3500\TugOfWarGame\scorer_template.v" Line 90: Procedural assignment to a non-register score is not permitted, left-hand side should be reg/integer/time/genvar
ERROR:HDLCompiler:1660 - "\\ugradfs\brendanlucas\win\ELEC3500\TugOfWarGame\scorer_template.v" Line 90: Procedural assignment to a non-register score is not permitted, left-hand side should be reg/integer/time/genvar
ERROR:HDLCompiler:1660 - "\\ugradfs\brendanlucas\win\ELEC3500\TugOfWarGame\scorer_template.v" Line 91: Procedural assignment to a non-register score is not permitted, left-hand side should be reg/integer/time/genvar
ERROR:HDLCompiler:1660 - "\\ugradfs\brendanlucas\win\ELEC3500\TugOfWarGame\scorer_template.v" Line 91: Procedural assignment to a non-register score is not permitted, left-hand side should be reg/integer/time/genvar
ERROR:HDLCompiler:1660 - "\\ugradfs\brendanlucas\win\ELEC3500\TugOfWarGame\scorer_template.v" Line 92: Procedural assignment to a non-register score is not permitted, left-hand side should be reg/integer/time/genvar
ERROR:HDLCompiler:1660 - "\\ugradfs\brendanlucas\win\ELEC3500\TugOfWarGame\scorer_template.v" Line 92: Procedural assignment to a non-register score is not permitted, left-hand side should be reg/integer/time/genvar
ERROR:HDLCompiler:1660 - "\\ugradfs\brendanlucas\win\ELEC3500\TugOfWarGame\scorer_template.v" Line 93: Procedural assignment to a non-register score is not permitted, left-hand side should be reg/integer/time/genvar
ERROR:HDLCompiler:1660 - "\\ugradfs\brendanlucas\win\ELEC3500\TugOfWarGame\scorer_template.v" Line 93: Procedural assignment to a non-register score is not permitted, left-hand side should be reg/integer/time/genvar
ERROR:HDLCompiler:1660 - "\\ugradfs\brendanlucas\win\ELEC3500\TugOfWarGame\scorer_template.v" Line 94: Procedural assignment to a non-register score is not permitted, left-hand side should be reg/integer/time/genvar
ERROR:HDLCompiler:1660 - "\\ugradfs\brendanlucas\win\ELEC3500\TugOfWarGame\scorer_template.v" Line 94: Procedural assignment to a non-register score is not permitted, left-hand side should be reg/integer/time/genvar
ERROR:HDLCompiler:1660 - "\\ugradfs\brendanlucas\win\ELEC3500\TugOfWarGame\scorer_template.v" Line 95: Procedural assignment to a non-register score is not permitted, left-hand side should be reg/integer/time/genvar
Sorry, too many errors..
--> 

Total memory usage is 234528 kilobytes

Number of errors   :   19 (   0 filtered)
Number of warnings :    0 (   0 filtered)
Number of infos    :    0 (   0 filtered)

